               precision    recall  f1-score   support

dirty/damaged       0.86      1.00      0.93        50
        clean       1.00      0.84      0.91        50

     accuracy                           0.92       100
    macro avg       0.93      0.92      0.92       100
 weighted avg       0.93      0.92      0.92       100
